# 在 objects.svg 全文中未搜到的名称（字面量，区分大小写）
# log: D:\PLAY\projects\rwrme\used_templates - 副本.log
# svg: D:\PLAY\projects\rwrme\Assets\templates\objects.svg
# 共 138 个，未命中 37 个

construction_part_1
container_greenD
container_greenT
contruction_bricks
cooling_tower
dock_crane
gas_station
hangar
hangar1
hangar2
medi_house
placard
radar_dish
railroad_curved_element
railroad_straight_element_50m
ruin_debris1
ruin_debris2
ruin_debris3
small_oil_tank
street_ground_trash
tower_big
train boxcar
trunks
tyre1_lean
tyre_pile
ww2_bunker
BarbedWireFence1
BarbwireWall1
SecurityFence2
BuildingDefault
BuildingShopShutter
BuildingVilla
BuildingWhite1RoofStory1
BuildingWhite5
BuildingWhite5RoofStory1
BuildingWhiteParking
SidePanelWall1
